// Jest Snapshot v1, https://goo.gl/fbAQLP

exports[`Correct Render 1`] = `null`;
